Correctitud Python: casos límite y aleatorios OK.
Validando uniforme n=10000
Python,lineal,uniforme,10000,0.1815150116667231,0.0021786734899025533,3,700,300,1000
Python,binaria,uniforme,10000,0.001304853333332782,4.3091816439600535e-05,3,700,300,1000
Python,exponencial,uniforme,10000,0.0018113846667044224,5.496540307514053e-05,3,700,300,1000
Python,interpolacion,uniforme,10000,0.00033091000000240456,0.00014807813345363288,3,700,300,1000
Validando sesgado n=10000
Python,lineal,sesgado,10000,0.19166874200000925,0.02781893459098012,3,700,300,1000
Python,binaria,sesgado,10000,0.0013722120000162856,0.0002655317505851521,3,700,300,1000
Python,exponencial,sesgado,10000,0.0016262690000227546,7.89671259264324e-05,3,700,300,1000
Python,interpolacion,sesgado,10000,0.03577293933331779,0.00448639827061318,3,700,300,1000
Validando desordenado n=10000
Python,lineal,desordenado,10000,0.2173948276666806,0.012571032989581761,3,700,300,1000
Validando uniforme n=100000
Python,lineal,uniforme,100000,1.8099871656666362,0.029285255591479736,3,700,300,1000
Python,binaria,uniforme,100000,0.001957436666657486,0.00022371424856220204,3,700,300,1000
Python,exponencial,uniforme,100000,0.002526951000011953,0.00016391840264366468,3,700,300,1000
Python,interpolacion,uniforme,100000,0.00028004866669562034,3.555595550229098e-05,3,700,300,1000
Validando sesgado n=100000
Python,lineal,sesgado,100000,1.8381854846666859,0.06430465319965054,3,700,300,1000
Python,binaria,sesgado,100000,0.0016743796666863393,7.284621372418134e-05,3,700,300,1000
Python,exponencial,sesgado,100000,0.0027453486666596896,0.0005383220977360194,3,700,300,1000
Python,interpolacion,sesgado,100000,0.05592744599994148,0.0013161453258785816,3,700,300,1000
Validando desordenado n=100000
Python,lineal,desordenado,100000,1.827287672333341,0.031526292282737636,3,700,300,1000
Validando uniforme n=500000
Python,lineal,uniforme,500000,9.055810743000015,0.20217329082854543,3,700,300,1000
Python,binaria,uniforme,500000,0.003285322666670254,0.0008978499589515752,3,700,300,1000
Python,exponencial,uniforme,500000,0.003605156666632562,0.00015953839145685004,3,700,300,1000
Python,interpolacion,uniforme,500000,0.00029158900004707294,2.8413430403255822e-05,3,700,300,1000
Validando sesgado n=500000
Python,lineal,sesgado,500000,9.442532996999944,0.05414827921954272,3,700,300,1000
Python,binaria,sesgado,500000,0.0026218670000920006,0.00044836169985745014,3,700,300,1000
Python,exponencial,sesgado,500000,0.0038080350000958183,0.0010634696825401293,3,700,300,1000
Python,interpolacion,sesgado,500000,0.09622320633335828,0.012916827665996132,3,700,300,1000
Validando desordenado n=500000
Python,lineal,desordenado,500000,8.726125395333307,0.01898037013638892,3,700,300,1000
