Correctitud C++: casos limite y aleatorios OK.
uniforme,10000,lineal,0.001950629 ms/busqueda
uniforme,10000,binaria,3.65003333333e-05 ms/busqueda
uniforme,10000,exponencial,3.92606666667e-05 ms/busqueda
uniforme,10000,interpolacion,4.27966666667e-06 ms/busqueda
sesgado,10000,lineal,0.00182310466667 ms/busqueda
sesgado,10000,binaria,3.43476666667e-05 ms/busqueda
sesgado,10000,exponencial,3.20403333333e-05 ms/busqueda
sesgado,10000,interpolacion,0.00105851666667 ms/busqueda
desordenado,10000,lineal,0.00187829233333 ms/busqueda
uniforme,100000,lineal,0.0184629676667 ms/busqueda
uniforme,100000,binaria,4.8508e-05 ms/busqueda
uniforme,100000,exponencial,5.4807e-05 ms/busqueda
uniforme,100000,interpolacion,1.04223333333e-05 ms/busqueda
sesgado,100000,lineal,0.0186868773333 ms/busqueda
sesgado,100000,binaria,5.6603e-05 ms/busqueda
sesgado,100000,exponencial,5.15223333333e-05 ms/busqueda
sesgado,100000,interpolacion,0.00193875833333 ms/busqueda
desordenado,100000,lineal,0.0190711223333 ms/busqueda
uniforme,500000,lineal,0.0911549876667 ms/busqueda
uniforme,500000,binaria,7.3752e-05 ms/busqueda
uniforme,500000,exponencial,8.29853333333e-05 ms/busqueda
uniforme,500000,interpolacion,5.12766666667e-06 ms/busqueda
sesgado,500000,lineal,0.093641548 ms/busqueda
sesgado,500000,binaria,7.18156666667e-05 ms/busqueda
sesgado,500000,exponencial,7.71733333333e-05 ms/busqueda
sesgado,500000,interpolacion,0.00323954833333 ms/busqueda
desordenado,500000,lineal,0.091734574 ms/busqueda
